// Jest Snapshot v1, https://goo.gl/fbAQLP

exports[`MoviesContainer should match snapshot with correct data 1`] = `
<main
  className="movies-container"
>
  <img
    alt="loading..."
    src="https://media3.giphy.com/media/hQgJCEdGOEHa8/source.gif"
  />
</main>
`;
