// Jest Snapshot v1, https://goo.gl/fbAQLP

exports[`App should match the snapshot with correct data 1`] = `
<section
  className="App"
>
  <Route
    path="/movies"
    render={[Function]}
  />
  <Route
    exact={true}
    path="/favorites"
    render={[Function]}
  />
  <Route
    exact={true}
    path="/"
    render={[Function]}
  />
  <Route
    exact={true}
    path="/"
    render={[Function]}
  />
  <Route
    path="/movies"
    render={[Function]}
  />
  <Route
    path="/favorites"
    render={[Function]}
  />
  <Route
    exact={true}
    path="/movies"
    render={[Function]}
  />
  <Route
    exact={true}
    path="/movies/:id"
    render={[Function]}
  />
  <Route
    exact={true}
    path="/movies/:id"
    render={[Function]}
  />
  <Route
    exact={true}
    path="/movies"
    render={[Function]}
  />
  <Route
    exact={true}
    path="/favorites"
    render={[Function]}
  />
  <Route
    exact={true}
    path="/favorites"
    render={[Function]}
  />
  <Route
    exact={true}
    path="/movies/:episode_id"
    render={[Function]}
  />
</section>
`;
