// Jest Snapshot v1, https://goo.gl/fbAQLP

exports[`App should match the snapshot with correct data 1`] = `
<h1>
  Hello
</h1>
`;
